secret_type,secret_type_display_name,secret,path,start_line,end_line,start_column,end_column
"hardcoded_spring_sql_passwords","Hardcoded Spring SQL passwords","4813494d137e1631bba301d5acab6e7bb7aa74ce1185d456565ef51d737677b2","configs/application.properties","10","10","30","34",
"hardcoded_spring_sql_passwords","Hardcoded Spring SQL passwords","7c7853e3659d1c01e65f3cb460ac07d079288bfa5bc21aae3d31fe01a0814278","configs/application.properties","31","31","28","34",
"hardcoded_spring_sql_passwords","Hardcoded Spring SQL passwords","5f07dd6c436eefbd1ee0a62f2353dab5523c2a6a7e007dd4dc04ad3cb225348e","configs/application.properties","45","45","28","35",
"hardcoded_spring_sql_passwords","Hardcoded Spring SQL passwords","d451823f5c7ea01b991edb52a7890624607a24f1b8e00f2e89f6807433f079ec","configs/application.properties","14","14","29","49",
"hardcoded_spring_sql_passwords","Hardcoded Spring SQL passwords","90ff950e50d23ac032cf5705fc9b783fcf9c9a3d324b0c5e845a79da54d42ead","configs/application.properties","12","12","28","45",
"hardcoded_spring_sql_passwords","Hardcoded Spring SQL passwords","3820fe31b7bd9e2090f4a1f49c66f36006f8eedfb6552af35fe627bc070f27ae","configs/application.properties","24","24","28","35",
"hardcoded_spring_sql_passwords","Hardcoded Spring SQL passwords","6ab5c67640a9b1f875050b158cdbb1d081ee76ff8e703279062ce8652a372332","configs/postgres/docker-compose.yml","14","14","36","43",
"hardcoded_spring_sql_passwords","Hardcoded Spring SQL passwords","8d67877bcf2b6cba2f619aae5a3c6eff8210b74a26fa0466147622fc65237e2b","configs/application.properties","38","38","28","35",
"hardcoded_spring_sql_passwords","Hardcoded Spring SQL passwords","9584c5ca00f5e717366a1c441d851c3daf00e4dd190b85e1cb0cb0d36af688de","configs/application.properties","31","31","28","35",
