secret_type,secret_type_display_name,secret,path,start_line,end_line,start_column,end_column
"yaml_static_password_fields","YAML Static Password Fields","07afada2d81267b59eea355307a3ee3f1be5132ce91123e64869cf4ffaf93615","jwt/owasp-juice-shop.ts","218","218","20","56",
"yaml_static_password_fields","YAML Static Password Fields","544e62cee8033709e389e5b2755343d0d0fa8c4850215cfb6331717e80d1aea3","jwt/owasp-juice-shop.ts","207","207","20","52",
"yaml_static_password_fields","YAML Static Password Fields","b34e5475b55d84c7de90e07142d9427477c757a46a8e8712f7bc2f92dd6c6473","jwt/owasp-juice-shop.ts","43","43","20","29",
"yaml_static_password_fields","YAML Static Password Fields","9f214b49fafc432e116884a5244442203267f200e72c6ad3ad4dbfd7b0f089c3","jwt/owasp-juice-shop.ts","146","146","22","37",
"yaml_static_password_fields","YAML Static Password Fields","1e744b6a3177a1165c1d67ccfe8989267e8364189d9124aa87a756aa219db83c","configs/example.yml","5","5","15","38",
