secret_type,secret_type_display_name,secret,path,start_line,end_line,start_column,end_column
"database_connection_string_1","Database Connection String (1)","a2cd975fd6bce0de91cbc30e7b11d9b572d5a75a05650d859379ec4c4ce7a4ca","database/connection_strings.txt","4","4","32","85",
"database_connection_string_1","Database Connection String (1)","730f75dafd73e047b86acb2dbd74e75dcb93272fa084a9082848f2341aa1abb6","database/connection_strings.txt","2","2","119","122",
